schema {
  query: Query
  mutation: Mutation
}

type Error {
  code: String
  message: String
}

type ExtendedUserType {
  mutualFriends: [UserType]
  pendingFriendshipRequestId: UUID
  isFriendshipRequestSentByCurrentUser: Boolean!
  isFriendWithCurrentUser: Boolean!
  id: UUID!
  firstName: String
  lastName: String
  email: String
  phone: String
  imageUrl: String
}

type FriendshipRequestType {
  id: UUID!
  userId: UUID!
  friendId: UUID!
  accepted: Boolean!
  rejected: Boolean!
  sender: UserType
}

type GetAnnouncedMatchesResponse {
  matches: [MatchAnnouncementType!]!
}

type GetDatesByDayOfWeekResponse {
  dates: [DateTime!]!
}

type GetMatchByIdResponse {
  isCurrentUserAdmin: Boolean!
  match: MatchType!
  attendance: MatchAttendanceType!
  pendingApplicants: [UserType!]!
}

type GetMatchesResponse {
  matches: [MatchType!]!
}

type GetNotificationsResponse {
  notifications: [NotificationType!]!
}

type GetPhoneBookUsersResponse {
  users: [ExtendedUserType!]!
}

type MatchAnnouncementType {
  matchId: UUID!
  date: DateTime!
  startTime: DateTime!
  endTime: DateTime!
  eventName: String
  sportType: SportTypeEnum!
  address: String
  price: Decimal!
  playerLimit: Int!
  acceptedPlayersCount: Int!
  description: String
  typeOfAnnouncement: MatchAnnouncementTypeEnum!
  currentUserAlreadyApplied: Boolean!
  currentUserIsPlayer: Boolean!
}

type MatchApplicationType {
  matchId: UUID!
  matchApplicationId: UUID!
  matchName: String
  isCurrentUserAdmin: Boolean!
}

type MatchAttendanceType {
  isCurrentUserAttending: Boolean
  playersAttending: [PlayerType]
  playersNotAttending: [PlayerType]
  playersNotResponded: [PlayerType]
}

type MatchType {
  id: UUID!
  date: DateTime!
  startTime: DateTime!
  endTime: DateTime!
  eventName: String
  sportType: SportTypeEnum!
  typeOfAnnouncement: MatchAnnouncementTypeEnum
  isAnnounced: Boolean!
  address: String
  price: Decimal!
  numberOfPlayersExpected: Int!
  notes: String
  status: MatchStatusEnum!
}

type Mutation {
  createUser(input: CreateUserInput): TokenResponse
  login(input: LoginInput): TokenResponse
  uploadUserProfileImage(input: UploadProfileImageInput): Result @authorize
  removeUserProfileImage: Result @authorize
  deleteNotification(input: NotificationInput): Result @authorize
  completeNotification(input: NotificationInput): Result @authorize
  setMatchAttendance(input: SetMatchAttendanceInput): SetMatchAttendanceResponse @authorize
  announceMatch(input: AnnounceMatchInput): MatchType @authorize
  cancelMatchAnnouncement(input: CancelMatchAnnouncementInput): Result @authorize
  sendAnnouncementToFriends(input: SendAnnouncementToFriendsInput): Result @authorize
  sendMatchApplication(input: SendMatchApplicationInput): Result @authorize
  cancelMatchApplication(input: CancelMatchApplicationInput): Result @authorize
  acceptMatchApplication(input: MatchApplicationInput): Result @authorize
  rejectMatchApplication(input: MatchApplicationInput): Result @authorize
  createEvent(input: CreateEventInput): UUID! @authorize
  sendEventInvitation(input: SendEventInvitationInput): Result @authorize
  acceptEventInvitation(input: EventInvitationInput): Result @authorize
  rejectEventInvitation(input: EventInvitationInput): Result @authorize
  sendFriendshipRequest(input: SendFriendshipRequestInput): Result @authorize
  acceptFriendshipRequest(input: FriendshipRequestInput): Result @authorize
  rejectFriendshipRequest(input: FriendshipRequestInput): Result @authorize
  cancelFriendshipRequest(input: FriendshipRequestInput): Result @authorize
  removeFriendship(input: RemoveFriendshipInput): Result @authorize
}

type NotificationType {
  notificationId: UUID!
  resourceId: UUID
  type: NotificationTypeEnum!
  content: String
  completed: Boolean!
}

type PagedListOfExtendedUserType {
  page: Int!
  pageSize: Int!
  totalCount: Int!
  hasNextPage: Boolean!
  hasPreviousPage: Boolean!
  items: [ExtendedUserType!]!
}

type PlayerType {
  userId: UUID!
  firstName: String
  lastName: String
  imageUrl: String
  isAttending: Boolean
}

type Query {
  me: UserType @authorize
  phoneBookUsers(input: GetPhoneBookUsersInput): GetPhoneBookUsersResponse @authorize
  userProfile(input: GetUserProfileInput): UserProfileResponse @authorize
  users(input: GetUsersInput): PagedListOfExtendedUserType @authorize
  notifications(input: GetNotificationsInput): GetNotificationsResponse @authorize
  datesByDayOfWeek(input: GetDatesByDayOfWeekInput): GetDatesByDayOfWeekResponse
  matches(input: GetMatchesInput): GetMatchesResponse @authorize
  matchById(input: GetMatchByIdInput): GetMatchByIdResponse @authorize
  announcedMatches(input: GetAnnouncedMatchesInput): GetAnnouncedMatchesResponse @authorize
  friends(input: GetFriendsInput): PagedListOfExtendedUserType @authorize
  pendingFriendshipRequests: [FriendshipRequestType] @authorize
}

type Result {
  isSuccess: Boolean!
  isFailure: Boolean!
  error: Error
}

type SetMatchAttendanceResponse {
  players: [PlayerType!]!
}

type TokenResponse {
  token: String!
}

type UserProfileResponse {
  user: ExtendedUserType!
  matchApplications: [MatchApplicationType!]!
}

type UserType {
  id: UUID!
  firstName: String
  lastName: String
  email: String
  phone: String
  imageUrl: String
}

input AnnounceMatchInput {
  matchId: UUID!
  publicAnnouncement: Boolean!
  playerLimit: Int!
  description: String
}

input CancelMatchAnnouncementInput {
  matchId: UUID!
}

input CancelMatchApplicationInput {
  matchApplicationId: UUID!
}

input CreateEventInput {
  memberIds: [UUID!]!
  name: String!
  sportType: SportTypeEnum!
  address: String!
  price: Decimal!
  numberOfPlayers: Int!
  notes: String
  eventTime: [TimeInput!]!
}

input CreateUserInput {
  firstName: String!
  lastName: String!
  email: String!
  phone: String!
  password: String!
}

input EventInvitationInput {
  eventInvitationId: UUID!
}

input FriendshipRequestInput {
  friendshipRequestId: UUID!
}

input GetAnnouncedMatchesInput {
  date: DateTime!
}

input GetDatesByDayOfWeekInput {
  dayOfWeek: DayOfWeek!
  numberOfDates: Int!
}

input GetFriendsInput {
  search: String
  page: Int!
  firstPageSize: Int
  pageSize: Int!
}

input GetMatchByIdInput {
  matchId: UUID!
}

input GetMatchesInput {
  date: DateTime!
}

input GetNotificationsInput {
  count: Int!
  language: String!
}

input GetPhoneBookUsersInput {
  phoneNumbers: [String!]!
}

input GetUserProfileInput {
  userId: UUID!
}

input GetUsersInput {
  search: String
  page: Int!
  firstPageSize: Int
  pageSize: Int!
}

input LoginInput {
  email: String!
  password: String!
}

input MatchApplicationInput {
  matchApplicationId: UUID!
}

input NotificationInput {
  notificationId: UUID!
}

input RemoveFriendshipInput {
  friendId: UUID!
}

input SendAnnouncementToFriendsInput {
  matchId: UUID!
}

input SendEventInvitationInput {
  eventId: UUID!
  userId: UUID!
}

input SendFriendshipRequestInput {
  friendIds: [UUID!]!
}

input SendMatchApplicationInput {
  matchId: UUID!
}

input SetMatchAttendanceInput {
  matchId: UUID!
  attending: Boolean!
}

input TimeInput {
  dayOfWeek: DayOfWeek!
  startDate: DateTime!
  startTime: DateTime!
  endTime: DateTime!
  repeatWeekly: Boolean!
}

input UploadProfileImageInput {
  file: Upload!
}

enum ApplyPolicy {
  BEFORE_RESOLVER
  AFTER_RESOLVER
  VALIDATION
}

enum DayOfWeek {
  SUNDAY
  MONDAY
  TUESDAY
  WEDNESDAY
  THURSDAY
  FRIDAY
  SATURDAY
}

enum MatchAnnouncementTypeEnum {
  FRIEND_LIST
  PUBLIC
}

enum MatchStatusEnum {
  PENDING
  IN_PROGRESS
  FINISHED
  CANCELED
}

enum NotificationTypeEnum {
  FRIENDSHIP_REQUEST_RECEIVED
  MATCH_APPLICATION_RECEIVED
  EVENT_INVITATION_RECEIVED
  EVENT_INVITATION_ACCEPTED
  EVENT_INVITATION_REJECTED
  MEMBER_JOINED_EVENT
  MATCH_ANNOUNCED_BY_FRIEND
  MATCH_APPLICATION_ACCEPTED
}

enum SportTypeEnum {
  FOOTBALL
  HANDBALL
  BASKETBALL
  TENNIS
}

directive @authorize("The name of the authorization policy that determines access to the annotated resource." policy: String "Roles that are allowed to access the annotated resource." roles: [String!] "Defines when when the authorize directive shall be applied.By default the authorize directives are applied during the validation phase." apply: ApplyPolicy! = BEFORE_RESOLVER) repeatable on OBJECT | FIELD_DEFINITION

"The `DateTime` scalar represents an ISO-8601 compliant date time type."
scalar DateTime @specifiedBy(url: "https:\/\/www.graphql-scalars.com\/date-time")

"The built-in `Decimal` scalar type."
scalar Decimal

scalar UUID @specifiedBy(url: "https:\/\/tools.ietf.org\/html\/rfc4122")

"The `Upload` scalar type represents a file upload."
scalar Upload
